Verification URL: https://born-solaris-journalists-affiliate.trycloudflare.com/verify/10db36ab-c150-46fc-bdd9-61f74d06a0e5
Download PDF: https://born-solaris-journalists-affiliate.trycloudflare.com/media/reports/Tracker_2_Premier_10db36ab-c150-46fc-bdd9-61f74d06a0e5_b5a5360b594c.pdf
